../X-CUBE-AI/App/network.c:56879:13:LL_ATON_End_EpochBlock_164	8	static
../X-CUBE-AI/App/network.c:56508:13:LL_ATON_End_EpochBlock_160	8	static
../X-CUBE-AI/App/network.c:56230:13:LL_ATON_End_EpochBlock_159	8	static
../X-CUBE-AI/App/network.c:55568:13:LL_ATON_End_EpochBlock_157	8	static
../X-CUBE-AI/App/network.c:54842:13:LL_ATON_End_EpochBlock_154	8	static
../X-CUBE-AI/App/network.c:54458:13:LL_ATON_End_EpochBlock_153	8	static
../X-CUBE-AI/App/network.c:53959:13:LL_ATON_End_EpochBlock_152	8	static
../X-CUBE-AI/App/network.c:53620:13:LL_ATON_End_EpochBlock_151	8	static
../X-CUBE-AI/App/network.c:52898:13:LL_ATON_End_EpochBlock_147	8	static
../X-CUBE-AI/App/network.c:52495:13:LL_ATON_End_EpochBlock_145	8	static
../X-CUBE-AI/App/network.c:52046:13:LL_ATON_End_EpochBlock_142	8	static
../X-CUBE-AI/App/network.c:51583:13:LL_ATON_End_EpochBlock_141	8	static
../X-CUBE-AI/App/network.c:51023:13:LL_ATON_End_EpochBlock_139	8	static
../X-CUBE-AI/App/network.c:50446:13:LL_ATON_End_EpochBlock_138	8	static
../X-CUBE-AI/App/network.c:50010:13:LL_ATON_End_EpochBlock_137	8	static
../X-CUBE-AI/App/network.c:49422:13:LL_ATON_End_EpochBlock_136	8	static
../X-CUBE-AI/App/network.c:48794:13:LL_ATON_End_EpochBlock_135	8	static
../X-CUBE-AI/App/network.c:48381:13:LL_ATON_End_EpochBlock_134	8	static
../X-CUBE-AI/App/network.c:47610:13:LL_ATON_End_EpochBlock_133	8	static
../X-CUBE-AI/App/network.c:47469:13:LL_ATON_End_EpochBlock_132	8	static
../X-CUBE-AI/App/network.c:46966:13:LL_ATON_End_EpochBlock_131	8	static
../X-CUBE-AI/App/network.c:46844:13:LL_ATON_End_EpochBlock_130	8	static
../X-CUBE-AI/App/network.c:46708:13:LL_ATON_End_EpochBlock_129	8	static
../X-CUBE-AI/App/network.c:46295:13:LL_ATON_End_EpochBlock_128	8	static
../X-CUBE-AI/App/network.c:46159:13:LL_ATON_End_EpochBlock_127	8	static
../X-CUBE-AI/App/network.c:45746:13:LL_ATON_End_EpochBlock_126	8	static
../X-CUBE-AI/App/network.c:45556:13:LL_ATON_End_EpochBlock_125	8	static
../X-CUBE-AI/App/network.c:45432:13:LL_ATON_End_EpochBlock_124	8	static
../X-CUBE-AI/App/network.c:45291:13:LL_ATON_End_EpochBlock_123	8	static
../X-CUBE-AI/App/network.c:44788:13:LL_ATON_End_EpochBlock_122	8	static
../X-CUBE-AI/App/network.c:44540:13:LL_ATON_End_EpochBlock_120	8	static
../X-CUBE-AI/App/network.c:44229:13:LL_ATON_End_EpochBlock_118	8	static
../X-CUBE-AI/App/network.c:43522:13:LL_ATON_End_EpochBlock_117	8	static
../X-CUBE-AI/App/network.c:42834:13:LL_ATON_End_EpochBlock_116	8	static
../X-CUBE-AI/App/network.c:42183:13:LL_ATON_End_EpochBlock_115	8	static
../X-CUBE-AI/App/network.c:41718:13:LL_ATON_End_EpochBlock_114	8	static
../X-CUBE-AI/App/network.c:41063:13:LL_ATON_End_EpochBlock_113	8	static
../X-CUBE-AI/App/network.c:40375:13:LL_ATON_End_EpochBlock_112	8	static
../X-CUBE-AI/App/network.c:39800:13:LL_ATON_End_EpochBlock_111	8	static
../X-CUBE-AI/App/network.c:39040:13:LL_ATON_End_EpochBlock_110	8	static
../X-CUBE-AI/App/network.c:38423:13:LL_ATON_End_EpochBlock_109	8	static
../X-CUBE-AI/App/network.c:38272:13:LL_ATON_End_EpochBlock_108	8	static
../X-CUBE-AI/App/network.c:37609:13:LL_ATON_End_EpochBlock_107	8	static
../X-CUBE-AI/App/network.c:37468:13:LL_ATON_End_EpochBlock_106	8	static
../X-CUBE-AI/App/network.c:36965:13:LL_ATON_End_EpochBlock_105	8	static
../X-CUBE-AI/App/network.c:36824:13:LL_ATON_End_EpochBlock_104	8	static
../X-CUBE-AI/App/network.c:36303:13:LL_ATON_End_EpochBlock_103	8	static
../X-CUBE-AI/App/network.c:35677:13:LL_ATON_End_EpochBlock_102	8	static
../X-CUBE-AI/App/network.c:35046:13:LL_ATON_End_EpochBlock_100	8	static
../X-CUBE-AI/App/network.c:34375:13:LL_ATON_End_EpochBlock_99	8	static
../X-CUBE-AI/App/network.c:33366:13:LL_ATON_End_EpochBlock_97	8	static
../X-CUBE-AI/App/network.c:32832:13:LL_ATON_End_EpochBlock_96	8	static
../X-CUBE-AI/App/network.c:32163:13:LL_ATON_End_EpochBlock_95	8	static
../X-CUBE-AI/App/network.c:31249:13:LL_ATON_End_EpochBlock_94	8	static
../X-CUBE-AI/App/network.c:30468:13:LL_ATON_End_EpochBlock_93	8	static
../X-CUBE-AI/App/network.c:29569:13:LL_ATON_End_EpochBlock_92	8	static
../X-CUBE-AI/App/network.c:29038:13:LL_ATON_End_EpochBlock_91	8	static
../X-CUBE-AI/App/network.c:28528:13:LL_ATON_End_EpochBlock_90	8	static
../X-CUBE-AI/App/network.c:28381:13:LL_ATON_End_EpochBlock_89	8	static
../X-CUBE-AI/App/network.c:27788:13:LL_ATON_End_EpochBlock_88	8	static
../X-CUBE-AI/App/network.c:27641:13:LL_ATON_End_EpochBlock_87	8	static
../X-CUBE-AI/App/network.c:27023:13:LL_ATON_End_EpochBlock_86	8	static
../X-CUBE-AI/App/network.c:26427:13:LL_ATON_End_EpochBlock_85	8	static
../X-CUBE-AI/App/network.c:26237:13:LL_ATON_End_EpochBlock_84	8	static
../X-CUBE-AI/App/network.c:26113:13:LL_ATON_End_EpochBlock_83	8	static
../X-CUBE-AI/App/network.c:25962:13:LL_ATON_End_EpochBlock_82	8	static
../X-CUBE-AI/App/network.c:25079:13:LL_ATON_End_EpochBlock_79	8	static
../X-CUBE-AI/App/network.c:24916:13:LL_ATON_End_EpochBlock_78	8	static
../X-CUBE-AI/App/network.c:24165:13:LL_ATON_End_EpochBlock_77	8	static
../X-CUBE-AI/App/network.c:24024:13:LL_ATON_End_EpochBlock_76	8	static
../X-CUBE-AI/App/network.c:23521:13:LL_ATON_End_EpochBlock_75	8	static
../X-CUBE-AI/App/network.c:23380:13:LL_ATON_End_EpochBlock_74	8	static
../X-CUBE-AI/App/network.c:22880:13:LL_ATON_End_EpochBlock_73	8	static
../X-CUBE-AI/App/network.c:22690:13:LL_ATON_End_EpochBlock_72	8	static
../X-CUBE-AI/App/network.c:22566:13:LL_ATON_End_EpochBlock_71	8	static
../X-CUBE-AI/App/network.c:22415:13:LL_ATON_End_EpochBlock_70	8	static
../X-CUBE-AI/App/network.c:21532:13:LL_ATON_End_EpochBlock_67	8	static
../X-CUBE-AI/App/network.c:21369:13:LL_ATON_End_EpochBlock_66	8	static
../X-CUBE-AI/App/network.c:20604:13:LL_ATON_End_EpochBlock_65	8	static
../X-CUBE-AI/App/network.c:20482:13:LL_ATON_End_EpochBlock_64	8	static
../X-CUBE-AI/App/network.c:20349:13:LL_ATON_End_EpochBlock_63	8	static
../X-CUBE-AI/App/network.c:19975:13:LL_ATON_End_EpochBlock_62	8	static
../X-CUBE-AI/App/network.c:19602:13:LL_ATON_End_EpochBlock_61	8	static
../X-CUBE-AI/App/network.c:19305:13:LL_ATON_End_EpochBlock_60	8	static
../X-CUBE-AI/App/network.c:19086:13:LL_ATON_End_EpochBlock_59	8	static
../X-CUBE-AI/App/network.c:18388:13:LL_ATON_End_EpochBlock_58	8	static
../X-CUBE-AI/App/network.c:17883:13:LL_ATON_End_EpochBlock_57	8	static
../X-CUBE-AI/App/network.c:17761:13:LL_ATON_End_EpochBlock_56	8	static
../X-CUBE-AI/App/network.c:17635:13:LL_ATON_End_EpochBlock_55	8	static
../X-CUBE-AI/App/network.c:17420:13:LL_ATON_End_EpochBlock_54	8	static
../X-CUBE-AI/App/network.c:17007:13:LL_ATON_End_EpochBlock_53	8	static
../X-CUBE-AI/App/network.c:16871:13:LL_ATON_End_EpochBlock_52	8	static
../X-CUBE-AI/App/network.c:16461:13:LL_ATON_End_EpochBlock_51	8	static
../X-CUBE-AI/App/network.c:16339:13:LL_ATON_End_EpochBlock_50	8	static
../X-CUBE-AI/App/network.c:16215:13:LL_ATON_End_EpochBlock_49	8	static
../X-CUBE-AI/App/network.c:16064:13:LL_ATON_End_EpochBlock_48	8	static
../X-CUBE-AI/App/network.c:15387:13:LL_ATON_End_EpochBlock_47	8	static
../X-CUBE-AI/App/network.c:15251:13:LL_ATON_End_EpochBlock_46	8	static
../X-CUBE-AI/App/network.c:14838:13:LL_ATON_End_EpochBlock_45	8	static
../X-CUBE-AI/App/network.c:14687:13:LL_ATON_End_EpochBlock_44	8	static
../X-CUBE-AI/App/network.c:14018:13:LL_ATON_End_EpochBlock_43	8	static
../X-CUBE-AI/App/network.c:13892:13:LL_ATON_End_EpochBlock_42	8	static
../X-CUBE-AI/App/network.c:13676:13:LL_ATON_End_EpochBlock_41	8	static
../X-CUBE-AI/App/network.c:13173:13:LL_ATON_End_EpochBlock_40	8	static
../X-CUBE-AI/App/network.c:13032:13:LL_ATON_End_EpochBlock_39	8	static
../X-CUBE-AI/App/network.c:12529:13:LL_ATON_End_EpochBlock_38	8	static
../X-CUBE-AI/App/network.c:12403:13:LL_ATON_End_EpochBlock_37	8	static
../X-CUBE-AI/App/network.c:12185:13:LL_ATON_End_EpochBlock_36	8	static
../X-CUBE-AI/App/network.c:11682:13:LL_ATON_End_EpochBlock_35	8	static
../X-CUBE-AI/App/network.c:11541:13:LL_ATON_End_EpochBlock_34	8	static
../X-CUBE-AI/App/network.c:11041:13:LL_ATON_End_EpochBlock_33	8	static
../X-CUBE-AI/App/network.c:10851:13:LL_ATON_End_EpochBlock_32	8	static
../X-CUBE-AI/App/network.c:10727:13:LL_ATON_End_EpochBlock_31	8	static
../X-CUBE-AI/App/network.c:10576:13:LL_ATON_End_EpochBlock_30	8	static
../X-CUBE-AI/App/network.c:9884:13:LL_ATON_End_EpochBlock_29	8	static
../X-CUBE-AI/App/network.c:9207:13:LL_ATON_End_EpochBlock_28	8	static
../X-CUBE-AI/App/network.c:9056:13:LL_ATON_End_EpochBlock_27	8	static
../X-CUBE-AI/App/network.c:8387:13:LL_ATON_End_EpochBlock_26	8	static
../X-CUBE-AI/App/network.c:8261:13:LL_ATON_End_EpochBlock_25	8	static
../X-CUBE-AI/App/network.c:8039:13:LL_ATON_End_EpochBlock_24	8	static
../X-CUBE-AI/App/network.c:7421:13:LL_ATON_End_EpochBlock_23	8	static
../X-CUBE-AI/App/network.c:6824:13:LL_ATON_End_EpochBlock_22	8	static
../X-CUBE-AI/App/network.c:6600:13:LL_ATON_End_EpochBlock_21	8	static
../X-CUBE-AI/App/network.c:5982:13:LL_ATON_End_EpochBlock_20	8	static
../X-CUBE-AI/App/network.c:5386:13:LL_ATON_End_EpochBlock_19	8	static
../X-CUBE-AI/App/network.c:5196:13:LL_ATON_End_EpochBlock_18	8	static
../X-CUBE-AI/App/network.c:5072:13:LL_ATON_End_EpochBlock_17	8	static
../X-CUBE-AI/App/network.c:4925:13:LL_ATON_End_EpochBlock_16	8	static
../X-CUBE-AI/App/network.c:4307:13:LL_ATON_End_EpochBlock_15	8	static
../X-CUBE-AI/App/network.c:3702:13:LL_ATON_End_EpochBlock_14	8	static
../X-CUBE-AI/App/network.c:3565:13:LL_ATON_End_EpochBlock_13	8	static
../X-CUBE-AI/App/network.c:3140:13:LL_ATON_End_EpochBlock_12	8	static
../X-CUBE-AI/App/network.c:3014:13:LL_ATON_End_EpochBlock_11	8	static
../X-CUBE-AI/App/network.c:2798:13:LL_ATON_End_EpochBlock_10	8	static
../X-CUBE-AI/App/network.c:2358:13:LL_ATON_End_EpochBlock_9	8	static
../X-CUBE-AI/App/network.c:1933:13:LL_ATON_End_EpochBlock_8	8	static
../X-CUBE-AI/App/network.c:1811:13:LL_ATON_End_EpochBlock_7	8	static
../X-CUBE-AI/App/network.c:1687:13:LL_ATON_End_EpochBlock_6	8	static
../X-CUBE-AI/App/network.c:1550:13:LL_ATON_End_EpochBlock_5	8	static
../X-CUBE-AI/App/network.c:1110:13:LL_ATON_End_EpochBlock_4	8	static
../X-CUBE-AI/App/network.c:669:13:LL_ATON_End_EpochBlock_3	8	static
../X-CUBE-AI/App/network.c:322:13:LL_ATON_End_EpochBlock_2	8	static
../X-CUBE-AI/App/network.c:47514:13:LL_ATON_Start_EpochBlock_133	8	static
../X-CUBE-AI/App/network.c:46870:13:LL_ATON_Start_EpochBlock_131	8	static
../X-CUBE-AI/App/network.c:46748:13:LL_ATON_Start_EpochBlock_130	8	static
../X-CUBE-AI/App/network.c:46199:13:LL_ATON_Start_EpochBlock_128	8	static
../X-CUBE-AI/App/network.c:45583:13:LL_ATON_Start_EpochBlock_126	8	static
../X-CUBE-AI/App/network.c:45458:13:LL_ATON_Start_EpochBlock_125	8	static
../X-CUBE-AI/App/network.c:45336:13:LL_ATON_Start_EpochBlock_124	8	static
../X-CUBE-AI/App/network.c:44692:13:LL_ATON_Start_EpochBlock_122	8	static
../X-CUBE-AI/App/network.c:38327:13:LL_ATON_Start_EpochBlock_109	8	static
../X-CUBE-AI/App/network.c:37513:13:LL_ATON_Start_EpochBlock_107	8	static
../X-CUBE-AI/App/network.c:36869:13:LL_ATON_Start_EpochBlock_105	8	static
../X-CUBE-AI/App/network.c:28432:13:LL_ATON_Start_EpochBlock_90	8	static
../X-CUBE-AI/App/network.c:27692:13:LL_ATON_Start_EpochBlock_88	8	static
../X-CUBE-AI/App/network.c:26264:13:LL_ATON_Start_EpochBlock_85	8	static
../X-CUBE-AI/App/network.c:26139:13:LL_ATON_Start_EpochBlock_84	8	static
../X-CUBE-AI/App/network.c:26017:13:LL_ATON_Start_EpochBlock_83	8	static
../X-CUBE-AI/App/network.c:24069:13:LL_ATON_Start_EpochBlock_77	8	static
../X-CUBE-AI/App/network.c:23425:13:LL_ATON_Start_EpochBlock_75	8	static
../X-CUBE-AI/App/network.c:22717:13:LL_ATON_Start_EpochBlock_73	8	static
../X-CUBE-AI/App/network.c:22592:13:LL_ATON_Start_EpochBlock_72	8	static
../X-CUBE-AI/App/network.c:22470:13:LL_ATON_Start_EpochBlock_71	8	static
../X-CUBE-AI/App/network.c:20508:13:LL_ATON_Start_EpochBlock_65	8	static
../X-CUBE-AI/App/network.c:20386:13:LL_ATON_Start_EpochBlock_64	8	static
../X-CUBE-AI/App/network.c:19142:13:LL_ATON_Start_EpochBlock_60	8	static
../X-CUBE-AI/App/network.c:17787:13:LL_ATON_Start_EpochBlock_57	8	static
../X-CUBE-AI/App/network.c:17665:13:LL_ATON_Start_EpochBlock_56	8	static
../X-CUBE-AI/App/network.c:16911:13:LL_ATON_Start_EpochBlock_53	8	static
../X-CUBE-AI/App/network.c:16365:13:LL_ATON_Start_EpochBlock_51	8	static
../X-CUBE-AI/App/network.c:16241:13:LL_ATON_Start_EpochBlock_50	8	static
../X-CUBE-AI/App/network.c:16119:13:LL_ATON_Start_EpochBlock_49	8	static
../X-CUBE-AI/App/network.c:15291:13:LL_ATON_Start_EpochBlock_47	8	static
../X-CUBE-AI/App/network.c:14742:13:LL_ATON_Start_EpochBlock_45	8	static
../X-CUBE-AI/App/network.c:13922:13:LL_ATON_Start_EpochBlock_43	8	static
../X-CUBE-AI/App/network.c:13077:13:LL_ATON_Start_EpochBlock_40	8	static
../X-CUBE-AI/App/network.c:12433:13:LL_ATON_Start_EpochBlock_38	8	static
../X-CUBE-AI/App/network.c:11586:13:LL_ATON_Start_EpochBlock_35	8	static
../X-CUBE-AI/App/network.c:10878:13:LL_ATON_Start_EpochBlock_33	8	static
../X-CUBE-AI/App/network.c:10753:13:LL_ATON_Start_EpochBlock_32	8	static
../X-CUBE-AI/App/network.c:10631:13:LL_ATON_Start_EpochBlock_31	8	static
../X-CUBE-AI/App/network.c:9111:13:LL_ATON_Start_EpochBlock_28	8	static
../X-CUBE-AI/App/network.c:8291:13:LL_ATON_Start_EpochBlock_26	8	static
../X-CUBE-AI/App/network.c:5223:13:LL_ATON_Start_EpochBlock_19	8	static
../X-CUBE-AI/App/network.c:5098:13:LL_ATON_Start_EpochBlock_18	8	static
../X-CUBE-AI/App/network.c:4976:13:LL_ATON_Start_EpochBlock_17	8	static
../X-CUBE-AI/App/network.c:3606:13:LL_ATON_Start_EpochBlock_14	8	static
../X-CUBE-AI/App/network.c:3044:13:LL_ATON_Start_EpochBlock_12	8	static
../X-CUBE-AI/App/network.c:1837:13:LL_ATON_Start_EpochBlock_8	8	static
../X-CUBE-AI/App/network.c:1713:13:LL_ATON_Start_EpochBlock_7	8	static
../X-CUBE-AI/App/network.c:1591:13:LL_ATON_Start_EpochBlock_6	8	static
../X-CUBE-AI/App/network.c:56777:13:LL_ATON_Start_EpochBlock_164	8	static
../X-CUBE-AI/App/network.c:24975:13:LL_ATON_Start_EpochBlock_79	8	static
../X-CUBE-AI/App/network.c:21428:13:LL_ATON_Start_EpochBlock_67	8	static
../X-CUBE-AI/App/network.c:56717:13:LL_ATON_End_EpochBlock_162	200	static
../X-CUBE-AI/App/network.c:56539:13:LL_ATON_End_EpochBlock_161	16	static
../X-CUBE-AI/App/network.c:55615:13:LL_ATON_End_EpochBlock_158	16	static
../X-CUBE-AI/App/network.c:51071:13:LL_ATON_End_EpochBlock_140	16	static
../X-CUBE-AI/App/network.c:44567:13:LL_ATON_End_EpochBlock_121	16	static
../X-CUBE-AI/App/network.c:44282:13:LL_ATON_End_EpochBlock_119	16	static
../X-CUBE-AI/App/network.c:35097:13:LL_ATON_End_EpochBlock_101	16	static
../X-CUBE-AI/App/network.c:33412:13:LL_ATON_End_EpochBlock_98	16	static
../X-CUBE-AI/App/network.c:25200:13:LL_ATON_End_EpochBlock_81	16	static
../X-CUBE-AI/App/network.c:21653:13:LL_ATON_End_EpochBlock_69	16	static
../X-CUBE-AI/App/network.c:56273:13:LL_ATON_Start_EpochBlock_160	8	static
../X-CUBE-AI/App/network.c:55740:13:LL_ATON_Start_EpochBlock_159	8	static
../X-CUBE-AI/App/network.c:54990:13:LL_ATON_Start_EpochBlock_157	8	static
../X-CUBE-AI/App/network.c:54501:13:LL_ATON_Start_EpochBlock_154	8	static
../X-CUBE-AI/App/network.c:53993:13:LL_ATON_Start_EpochBlock_153	8	static
../X-CUBE-AI/App/network.c:53662:13:LL_ATON_Start_EpochBlock_152	8	static
../X-CUBE-AI/App/network.c:52599:13:LL_ATON_Start_EpochBlock_147	8	static
../X-CUBE-AI/App/network.c:17459:13:LL_ATON_Start_EpochBlock_55	8	static
../X-CUBE-AI/App/network.c:13720:13:LL_ATON_Start_EpochBlock_42	8	static
../X-CUBE-AI/App/network.c:12229:13:LL_ATON_Start_EpochBlock_37	8	static
../X-CUBE-AI/App/network.c:8089:13:LL_ATON_Start_EpochBlock_25	8	static
../X-CUBE-AI/App/network.c:6650:13:LL_ATON_Start_EpochBlock_22	8	static
../X-CUBE-AI/App/network.c:2838:13:LL_ATON_Start_EpochBlock_11	8	static
../X-CUBE-AI/App/network.c:126:13:LL_ATON_Start_EpochBlock_2	8	static
../X-CUBE-AI/App/network.c:54934:13:LL_ATON_End_EpochBlock_156	32	static
../X-CUBE-AI/App/network.c:54878:13:LL_ATON_End_EpochBlock_155	32	static
../X-CUBE-AI/App/network.c:53075:13:LL_ATON_End_EpochBlock_150	32	static
../X-CUBE-AI/App/network.c:53019:13:LL_ATON_End_EpochBlock_149	32	static
../X-CUBE-AI/App/network.c:52144:13:LL_ATON_End_EpochBlock_144	32	static
../X-CUBE-AI/App/network.c:52088:13:LL_ATON_End_EpochBlock_143	32	static
../X-CUBE-AI/App/network.c:51623:13:LL_ATON_Start_EpochBlock_142	8	static
../X-CUBE-AI/App/network.c:50485:13:LL_ATON_Start_EpochBlock_139	8	static
../X-CUBE-AI/App/network.c:49470:13:LL_ATON_Start_EpochBlock_137	8	static
../X-CUBE-AI/App/network.c:48439:13:LL_ATON_Start_EpochBlock_135	8	static
../X-CUBE-AI/App/network.c:43575:13:LL_ATON_Start_EpochBlock_118	8	static
../X-CUBE-AI/App/network.c:42225:13:LL_ATON_Start_EpochBlock_116	8	static
../X-CUBE-AI/App/network.c:41768:13:LL_ATON_Start_EpochBlock_115	8	static
../X-CUBE-AI/App/network.c:39855:13:LL_ATON_Start_EpochBlock_112	8	static
../X-CUBE-AI/App/network.c:38448:13:LL_ATON_Start_EpochBlock_110	8	static
../X-CUBE-AI/App/network.c:35721:13:LL_ATON_Start_EpochBlock_103	8	static
../X-CUBE-AI/App/network.c:34439:13:LL_ATON_Start_EpochBlock_100	8	static
../X-CUBE-AI/App/network.c:32883:13:LL_ATON_Start_EpochBlock_97	8	static
../X-CUBE-AI/App/network.c:32227:13:LL_ATON_Start_EpochBlock_96	8	static
../X-CUBE-AI/App/network.c:29084:13:LL_ATON_Start_EpochBlock_92	8	static
../X-CUBE-AI/App/network.c:28553:13:LL_ATON_Start_EpochBlock_91	8	static
../X-CUBE-AI/App/network.c:53131:13:LL_ATON_Start_EpochBlock_151	8	static
../X-CUBE-AI/App/network.c:52200:13:LL_ATON_Start_EpochBlock_145	8	static
../X-CUBE-AI/App/network.c:51195:13:LL_ATON_Start_EpochBlock_141	8	static
../X-CUBE-AI/App/network.c:50058:13:LL_ATON_Start_EpochBlock_138	8	static
../X-CUBE-AI/App/network.c:48831:13:LL_ATON_Start_EpochBlock_136	8	static
../X-CUBE-AI/App/network.c:47635:13:LL_ATON_Start_EpochBlock_134	8	static
../X-CUBE-AI/App/network.c:46991:13:LL_ATON_Start_EpochBlock_132	8	static
../X-CUBE-AI/App/network.c:46320:13:LL_ATON_Start_EpochBlock_129	8	static
../X-CUBE-AI/App/network.c:45774:13:LL_ATON_Start_EpochBlock_127	8	static
../X-CUBE-AI/App/network.c:44813:13:LL_ATON_Start_EpochBlock_123	8	static
../X-CUBE-AI/App/network.c:44406:13:LL_ATON_Start_EpochBlock_120	8	static
../X-CUBE-AI/App/network.c:42883:13:LL_ATON_Start_EpochBlock_117	8	static
../X-CUBE-AI/App/network.c:41115:13:LL_ATON_Start_EpochBlock_114	8	static
../X-CUBE-AI/App/network.c:40419:13:LL_ATON_Start_EpochBlock_113	8	static
../X-CUBE-AI/App/network.c:39090:13:LL_ATON_Start_EpochBlock_111	8	static
../X-CUBE-AI/App/network.c:37634:13:LL_ATON_Start_EpochBlock_108	8	static
../X-CUBE-AI/App/network.c:36990:13:LL_ATON_Start_EpochBlock_106	8	static
../X-CUBE-AI/App/network.c:36352:13:LL_ATON_Start_EpochBlock_104	8	static
../X-CUBE-AI/App/network.c:35222:13:LL_ATON_Start_EpochBlock_102	8	static
../X-CUBE-AI/App/network.c:33536:13:LL_ATON_Start_EpochBlock_99	8	static
../X-CUBE-AI/App/network.c:31306:13:LL_ATON_Start_EpochBlock_95	8	static
../X-CUBE-AI/App/network.c:30532:13:LL_ATON_Start_EpochBlock_94	8	static
../X-CUBE-AI/App/network.c:29615:13:LL_ATON_Start_EpochBlock_93	8	static
../X-CUBE-AI/App/network.c:27813:13:LL_ATON_Start_EpochBlock_89	8	static
../X-CUBE-AI/App/network.c:27073:13:LL_ATON_Start_EpochBlock_87	8	static
../X-CUBE-AI/App/network.c:26455:13:LL_ATON_Start_EpochBlock_86	8	static
../X-CUBE-AI/App/network.c:25324:13:LL_ATON_Start_EpochBlock_82	8	static
../X-CUBE-AI/App/network.c:24190:13:LL_ATON_Start_EpochBlock_78	8	static
../X-CUBE-AI/App/network.c:23546:13:LL_ATON_Start_EpochBlock_76	8	static
../X-CUBE-AI/App/network.c:22908:13:LL_ATON_Start_EpochBlock_74	8	static
../X-CUBE-AI/App/network.c:21777:13:LL_ATON_Start_EpochBlock_70	8	static
../X-CUBE-AI/App/network.c:20629:13:LL_ATON_Start_EpochBlock_66	8	static
../X-CUBE-AI/App/network.c:18432:13:LL_ATON_Start_EpochBlock_59	8	static
../X-CUBE-AI/App/network.c:17908:13:LL_ATON_Start_EpochBlock_58	8	static
../X-CUBE-AI/App/network.c:17032:13:LL_ATON_Start_EpochBlock_54	8	static
../X-CUBE-AI/App/network.c:16486:13:LL_ATON_Start_EpochBlock_52	8	static
../X-CUBE-AI/App/network.c:15412:13:LL_ATON_Start_EpochBlock_48	8	static
../X-CUBE-AI/App/network.c:14863:13:LL_ATON_Start_EpochBlock_46	8	static
../X-CUBE-AI/App/network.c:14043:13:LL_ATON_Start_EpochBlock_44	8	static
../X-CUBE-AI/App/network.c:13198:13:LL_ATON_Start_EpochBlock_41	8	static
../X-CUBE-AI/App/network.c:12554:13:LL_ATON_Start_EpochBlock_39	8	static
../X-CUBE-AI/App/network.c:11707:13:LL_ATON_Start_EpochBlock_36	8	static
../X-CUBE-AI/App/network.c:11069:13:LL_ATON_Start_EpochBlock_34	8	static
../X-CUBE-AI/App/network.c:9938:13:LL_ATON_Start_EpochBlock_30	8	static
../X-CUBE-AI/App/network.c:9232:13:LL_ATON_Start_EpochBlock_29	8	static
../X-CUBE-AI/App/network.c:8412:13:LL_ATON_Start_EpochBlock_27	8	static
../X-CUBE-AI/App/network.c:7471:13:LL_ATON_Start_EpochBlock_24	8	static
../X-CUBE-AI/App/network.c:6853:13:LL_ATON_Start_EpochBlock_23	8	static
../X-CUBE-AI/App/network.c:6032:13:LL_ATON_Start_EpochBlock_21	8	static
../X-CUBE-AI/App/network.c:5414:13:LL_ATON_Start_EpochBlock_20	8	static
../X-CUBE-AI/App/network.c:4357:13:LL_ATON_Start_EpochBlock_16	8	static
../X-CUBE-AI/App/network.c:3727:13:LL_ATON_Start_EpochBlock_15	8	static
../X-CUBE-AI/App/network.c:3165:13:LL_ATON_Start_EpochBlock_13	8	static
../X-CUBE-AI/App/network.c:2398:13:LL_ATON_Start_EpochBlock_10	8	static
../X-CUBE-AI/App/network.c:1958:13:LL_ATON_Start_EpochBlock_9	8	static
../X-CUBE-AI/App/network.c:1150:13:LL_ATON_Start_EpochBlock_5	8	static
../X-CUBE-AI/App/network.c:704:13:LL_ATON_Start_EpochBlock_4	8	static
../X-CUBE-AI/App/network.c:351:13:LL_ATON_Start_EpochBlock_3	8	static
../X-CUBE-AI/App/network.c:52931:13:LL_ATON_End_EpochBlock_148	344	static
../X-CUBE-AI/App/network.c:52529:13:LL_ATON_End_EpochBlock_146	24	static
../X-CUBE-AI/App/network.c:25104:13:LL_ATON_End_EpochBlock_80	24	static
../X-CUBE-AI/App/network.c:21557:13:LL_ATON_End_EpochBlock_68	24	static
../X-CUBE-AI/App/network.c:20012:13:LL_ATON_Start_EpochBlock_63	8	static
../X-CUBE-AI/App/network.c:19636:13:LL_ATON_Start_EpochBlock_62	8	static
../X-CUBE-AI/App/network.c:19333:13:LL_ATON_Start_EpochBlock_61	8	static
../X-CUBE-AI/App/network.c:82:26:LL_ATON_Set_User_Input_Buffer_Default	0	static
../X-CUBE-AI/App/network.c:89:7:LL_ATON_Get_User_Input_Buffer_Default	0	static
../X-CUBE-AI/App/network.c:96:26:LL_ATON_Set_User_Output_Buffer_Default	0	static
../X-CUBE-AI/App/network.c:103:7:LL_ATON_Get_User_Output_Buffer_Default	0	static
../X-CUBE-AI/App/network.c:110:6:LL_ATON_EC_Network_Init_Default	0	static
../X-CUBE-AI/App/network.c:115:6:LL_ATON_EC_Inference_Init_Default	0	static
../X-CUBE-AI/App/network.c:56906:31:LL_ATON_EpochBlockItems_Default	0	static
../X-CUBE-AI/App/network.c:59186:30:LL_ATON_Input_Buffers_Info_Default	0	static
../X-CUBE-AI/App/network.c:67581:30:LL_ATON_Output_Buffers_Info_Default	0	static
../X-CUBE-AI/App/network.c:67615:30:LL_ATON_Internal_Buffers_Info_Default	0	static
